[    0.000000] Linux version 4.15.0-175-generic (buildd@lcy02-amd64-034) (gcc version 7.5.0 (Ubuntu 7.5.0-3ubuntu1~18.04)) #184-Ubuntu SMP Thu Mar 24 17:48:36 UTC 2022 (Ubuntu 4.15.0-175.184-generic 4.15.18)
[    0.000000] Command line: BOOT_IMAGE=/boot/vmlinuz-4.15.0-175-generic root=LABEL=cloudimg-rootfs ro console=tty1 console=ttyS0
[    0.000000] KERNEL supported cpus:
[    0.000000]   Intel GenuineIntel
[    0.000000]   AMD AuthenticAMD
[    0.000000]   Centaur CentaurHauls
[    0.000000] x86/fpu: Supporting XSAVE feature 0x001: 'x87 floating point registers'
[    0.000000] x86/fpu: Supporting XSAVE feature 0x002: 'SSE registers'
[    0.000000] x86/fpu: Supporting XSAVE feature 0x004: 'AVX registers'
[    0.000000] x86/fpu: xstate_offset[2]:  576, xstate_sizes[2]:  256
[    0.000000] x86/fpu: Enabled xstate features 0x7, context size is 832 bytes, using 'standard' format.
[    0.000000] e820: BIOS-provided physical RAM map:
[    0.000000] BIOS-e820: [mem 0x0000000000000000-0x000000000009fbff] usable
[    0.000000] BIOS-e820: [mem 0x000000000009fc00-0x000000000009ffff] reserved
[    0.000000] BIOS-e820: [mem 0x00000000000f0000-0x00000000000fffff] reserved
[    0.000000] BIOS-e820: [mem 0x0000000000100000-0x000000003ffeffff] usable
[    0.000000] BIOS-e820: [mem 0x000000003fff0000-0x000000003fffffff] ACPI data
[    0.000000] BIOS-e820: [mem 0x00000000fec00000-0x00000000fec00fff] reserved
[    0.000000] BIOS-e820: [mem 0x00000000fee00000-0x00000000fee00fff] reserved
[    0.000000] BIOS-e820: [mem 0x00000000fffc0000-0x00000000ffffffff] reserved
[    0.000000] NX (Execute Disable) protection: active
[    0.000000] SMBIOS 2.5 present.
[    0.000000] DMI: innotek GmbH VirtualBox/VirtualBox, BIOS VirtualBox 12/01/2006
[    0.000000] Hypervisor detected: KVM
[    0.000000] e820: last_pfn = 0x3fff0 max_arch_pfn = 0x400000000
[    0.000000] MTRR: Disabled
[    0.000000] x86/PAT: MTRRs disabled, skipping PAT initialization too.
[    0.000000] CPU MTRRs all blank - virtualized system.
[    0.000000] x86/PAT: Configuration [0-7]: WB  WT  UC- UC  WB  WT  UC- UC  
[    0.000000] found SMP MP-table at [mem 0x0009fff0-0x0009ffff]
[    0.000000] Scanning 1 areas for low memory corruption
[    0.000000] RAMDISK: [mem 0x359cb000-0x36cdcfff]
[    0.000000] ACPI: Early table checksum verification disabled
[    0.000000] ACPI: RSDP 0x00000000000E0000 000024 (v02 VBOX  )
[    0.000000] ACPI: XSDT 0x000000003FFF0030 00003C (v01 VBOX   VBOXXSDT 00000001 ASL  00000061)
[    0.000000] ACPI: FACP 0x000000003FFF00F0 0000F4 (v04 VBOX   VBOXFACP 00000001 ASL  00000061)
[    0.000000] ACPI: DSDT 0x000000003FFF0470 002325 (v02 VBOX   VBOXBIOS 00000002 INTL 20100528)
[    0.000000] ACPI: FACS 0x000000003FFF0200 000040
[    0.000000] ACPI: FACS 0x000000003FFF0200 000040
[    0.000000] ACPI: APIC 0x000000003FFF0240 000054 (v02 VBOX   VBOXAPIC 00000001 ASL  00000061)
[    0.000000] ACPI: SSDT 0x000000003FFF02A0 0001CC (v01 VBOX   VBOXCPUT 00000002 INTL 20100528)
[    0.000000] ACPI: Reserving FACP table memory at [mem 0x3fff00f0-0x3fff01e3]
[    0.000000] ACPI: Reserving DSDT table memory at [mem 0x3fff0470-0x3fff2794]
[    0.000000] ACPI: Reserving FACS table memory at [mem 0x3fff0200-0x3fff023f]
[    0.000000] ACPI: Reserving FACS table memory at [mem 0x3fff0200-0x3fff023f]
[    0.000000] ACPI: Reserving APIC table memory at [mem 0x3fff0240-0x3fff0293]
[    0.000000] ACPI: Reserving SSDT table memory at [mem 0x3fff02a0-0x3fff046b]
[    0.000000] No NUMA configuration found
[    0.000000] Faking a node at [mem 0x0000000000000000-0x000000003ffeffff]
[    0.000000] NODE_DATA(0) allocated [mem 0x3ffc5000-0x3ffeffff]
[    0.000000] kvm-clock: cpu 0, msr 0:3ff44001, primary cpu clock
[    0.000000] kvm-clock: Using msrs 4b564d01 and 4b564d00
[    0.000000] kvm-clock: using sched offset of 4270679894 cycles
[    0.000000] clocksource: kvm-clock: mask: 0xffffffffffffffff max_cycles: 0x1cd42e4dffb, max_idle_ns: 881590591483 ns
[    0.000000] Zone ranges:
[    0.000000]   DMA      [mem 0x0000000000001000-0x0000000000ffffff]
[    0.000000]   DMA32    [mem 0x0000000001000000-0x000000003ffeffff]
[    0.000000]   Normal   empty
[    0.000000]   Device   empty
[    0.000000] Movable zone start for each node
[    0.000000] Early memory node ranges
[    0.000000]   node   0: [mem 0x0000000000001000-0x000000000009efff]
[    0.000000]   node   0: [mem 0x0000000000100000-0x000000003ffeffff]
[    0.000000] Reserved but unavailable: 104 pages
[    0.000000] Initmem setup node 0 [mem 0x0000000000001000-0x000000003ffeffff]
[    0.000000] ACPI: PM-Timer IO Port: 0x4008
[    0.000000] IOAPIC[0]: apic_id 1, version 32, address 0xfec00000, GSI 0-23
[    0.000000] ACPI: INT_SRC_OVR (bus 0 bus_irq 0 global_irq 2 dfl dfl)
[    0.000000] ACPI: INT_SRC_OVR (bus 0 bus_irq 9 global_irq 9 low level)
[    0.000000] Using ACPI (MADT) for SMP configuration information
[    0.000000] smpboot: Allowing 1 CPUs, 0 hotplug CPUs
[    0.000000] PM: Registered nosave memory: [mem 0x00000000-0x00000fff]
[    0.000000] PM: Registered nosave memory: [mem 0x0009f000-0x0009ffff]
[    0.000000] PM: Registered nosave memory: [mem 0x000a0000-0x000effff]
[    0.000000] PM: Registered nosave memory: [mem 0x000f0000-0x000fffff]
[    0.000000] e820: [mem 0x40000000-0xfebfffff] available for PCI devices
[    0.000000] Booting paravirtualized kernel on KVM
[    0.000000] clocksource: refined-jiffies: mask: 0xffffffff max_cycles: 0xffffffff, max_idle_ns: 7645519600211568 ns
[    0.000000] random: get_random_bytes called from start_kernel+0x99/0x500 with crng_init=0
[    0.000000] setup_percpu: NR_CPUS:8192 nr_cpumask_bits:1 nr_cpu_ids:1 nr_node_ids:1
[    0.000000] percpu: Embedded 50 pages/cpu s167936 r8192 d28672 u2097152
[    0.000000] PV qspinlock hash table entries: 256 (order: 0, 4096 bytes)
[    0.000000] Built 1 zonelists, mobility grouping on.  Total pages: 257913
[    0.000000] Policy zone: DMA32
[    0.000000] Kernel command line: BOOT_IMAGE=/boot/vmlinuz-4.15.0-175-generic root=LABEL=cloudimg-rootfs ro console=tty1 console=ttyS0
[    0.000000] Memory: 982848K/1048120K available (12300K kernel code, 2484K rwdata, 4324K rodata, 2468K init, 2724K bss, 65272K reserved, 0K cma-reserved)
[    0.000000] SLUB: HWalign=64, Order=0-3, MinObjects=0, CPUs=1, Nodes=1
[    0.000000] Kernel/User page tables isolation: enabled
[    0.000000] ftrace: allocating 39503 entries in 155 pages
[    0.004000] Hierarchical RCU implementation.
[    0.004000] 	RCU restricting CPUs from NR_CPUS=8192 to nr_cpu_ids=1.
[    0.004000] 	Tasks RCU enabled.
[    0.004000] RCU: Adjusting geometry for rcu_fanout_leaf=16, nr_cpu_ids=1
[    0.004000] NR_IRQS: 524544, nr_irqs: 256, preallocated irqs: 16
[    0.004000] Console: colour VGA+ 80x25
[    0.004000] console [tty1] enabled
[    0.004000] console [ttyS0] enabled
[    0.004000] ACPI: Core revision 20170831
[    0.004000] ACPI: 2 ACPI AML tables successfully acquired and loaded
[    0.004000] APIC: Switch to symmetric I/O mode setup
[    0.004000] x2apic enabled
[    0.004000] Switched APIC routing to physical x2apic.
[    0.004000] ..TIMER: vector=0x30 apic1=0 pin1=2 apic2=-1 pin2=-1
[    0.004004] tsc: Detected 3407.998 MHz processor
[    0.005528] Calibrating delay loop (skipped) preset value.. 6815.99 BogoMIPS (lpj=13631992)
[    0.005645] pid_max: default: 32768 minimum: 301
[    0.008033] Security Framework initialized
[    0.008870] Yama: becoming mindful.
[    0.009701] AppArmor: AppArmor initialized
[    0.012041] Dentry cache hash table entries: 131072 (order: 8, 1048576 bytes)
[    0.013678] Inode-cache hash table entries: 65536 (order: 7, 524288 bytes)
[    0.016014] Mount-cache hash table entries: 2048 (order: 2, 16384 bytes)
[    0.017461] Mountpoint-cache hash table entries: 2048 (order: 2, 16384 bytes)
[    0.019114] process: using mwait in idle threads
[    0.020006] Last level iTLB entries: 4KB 128, 2MB 8, 4MB 8
[    0.021295] Last level dTLB entries: 4KB 64, 2MB 0, 4MB 0, 1GB 4
[    0.022540] Spectre V1 : Mitigation: usercopy/swapgs barriers and __user pointer sanitization
[    0.024002] Spectre V2 : Mitigation: Retpolines
[    0.024911] Spectre V2 : Spectre v2 / SpectreRSB mitigation: Filling RSB on context switch
[    0.026546] Speculative Store Bypass: Vulnerable
[    0.028068] SRBDS: Unknown: Dependent on hypervisor status
[    0.029242] MDS: Mitigation: Clear CPU buffers
[    0.043841] Freeing SMP alternatives memory: 36K
[    0.154271] smpboot: CPU0: Intel(R) Core(TM) i5-7500 CPU @ 3.40GHz (family: 0x6, model: 0x9e, stepping: 0x9)
[    0.156000] Performance Events: unsupported p6 CPU model 158 no PMU driver, software events only.
[    0.156000] Hierarchical SRCU implementation.
[    0.156595] NMI watchdog: Perf event create on CPU 0 failed with -2
[    0.157772] NMI watchdog: Perf NMI watchdog permanently disabled
[    0.160027] smp: Bringing up secondary CPUs ...
[    0.160931] smp: Brought up 1 node, 1 CPU
[    0.161745] smpboot: Max logical packages: 1
[    0.162569] smpboot: Total of 1 processors activated (6815.99 BogoMIPS)
[    0.164099] devtmpfs: initialized
[    0.165279] x86/mm: Memory block size: 128MB
[    0.166802] evm: security.selinux
[    0.167462] evm: security.SMACK64
[    0.168005] evm: security.SMACK64EXEC
[    0.168759] evm: security.SMACK64TRANSMUTE
[    0.169549] evm: security.SMACK64MMAP
[    0.170261] evm: security.apparmor
[    0.170942] evm: security.ima
[    0.171552] evm: security.capability
[    0.172087] clocksource: jiffies: mask: 0xffffffff max_cycles: 0xffffffff, max_idle_ns: 7645041785100000 ns
[    0.174300] futex hash table entries: 256 (order: 2, 16384 bytes)
[    0.176040] pinctrl core: initialized pinctrl subsystem
[    0.177151] RTC time:  3:32:14, date: 04/15/22
[    0.178111] NET: Registered protocol family 16
[    0.179061] audit: initializing netlink subsys (disabled)
[    0.180097] cpuidle: using governor ladder
[    0.180923] cpuidle: using governor menu
[    0.181737] ACPI: bus type PCI registered
[    0.182518] acpiphp: ACPI Hot Plug PCI Controller Driver version: 0.5
[    0.184032] PCI: Using configuration type 1 for base access
[    0.185191] audit: type=2000 audit(1649993540.679:1): state=initialized audit_enabled=0 res=1
[    0.187573] HugeTLB registered 2.00 MiB page size, pre-allocated 0 pages
[    0.189200] ACPI: Added _OSI(Module Device)
[    0.190495] ACPI: Added _OSI(Processor Device)
[    0.192004] ACPI: Added _OSI(3.0 _SCP Extensions)
[    0.192960] ACPI: Added _OSI(Processor Aggregator Device)
[    0.194011] ACPI: Added _OSI(Linux-Dell-Video)
[    0.194893] ACPI: Added _OSI(Linux-Lenovo-NV-HDMI-Audio)
[    0.196014] ACPI: Added _OSI(Linux-HPI-Hybrid-Graphics)
[    0.197410] ACPI: Executed 1 blocks of module-level executable AML code
[    0.201909] ACPI: Interpreter enabled
[    0.202778] ACPI: (supports S0 S5)
[    0.203477] ACPI: Using IOAPIC for interrupt routing
[    0.204197] PCI: Using host bridge windows from ACPI; if necessary, use "pci=nocrs" and report a bug
[    0.206235] ACPI: Enabled 2 GPEs in block 00 to 07
[    0.213282] ACPI: PCI Root Bridge [PCI0] (domain 0000 [bus 00-ff])
[    0.214642] acpi PNP0A03:00: _OSC: OS supports [ASPM ClockPM Segments MSI]
[    0.216356] acpi PNP0A03:00: _OSC: not requesting OS control; OS requires [ExtendedConfig ASPM ClockPM MSI]
[    0.218348] acpi PNP0A03:00: fail to add MMCONFIG information, can't access extended PCI configuration space under this bridge.
[    0.220452] PCI host bridge to bus 0000:00
[    0.221417] pci_bus 0000:00: root bus resource [io  0x0000-0x0cf7 window]
[    0.224002] pci_bus 0000:00: root bus resource [io  0x0d00-0xffff window]
[    0.225376] pci_bus 0000:00: root bus resource [mem 0x000a0000-0x000bffff window]
[    0.227359] pci_bus 0000:00: root bus resource [mem 0x40000000-0xfdffffff window]
[    0.228002] pci_bus 0000:00: root bus resource [bus 00-ff]
[    0.233698] pci 0000:00:01.1: legacy IDE quirk: reg 0x10: [io  0x01f0-0x01f7]
[    0.235318] pci 0000:00:01.1: legacy IDE quirk: reg 0x14: [io  0x03f6]
[    0.236002] pci 0000:00:01.1: legacy IDE quirk: reg 0x18: [io  0x0170-0x0177]
[    0.237363] pci 0000:00:01.1: legacy IDE quirk: reg 0x1c: [io  0x0376]
[    0.250731] pci 0000:00:07.0: quirk: [io  0x4000-0x403f] claimed by PIIX4 ACPI
[    0.252023] pci 0000:00:07.0: quirk: [io  0x4100-0x410f] claimed by PIIX4 SMB
[    0.261340] ACPI: PCI Interrupt Link [LNKA] (IRQs 5 9 10 *11)
[    0.263112] ACPI: PCI Interrupt Link [LNKB] (IRQs 5 9 *10 11)
[    0.264168] ACPI: PCI Interrupt Link [LNKC] (IRQs 5 *9 10 11)
[    0.265758] ACPI: PCI Interrupt Link [LNKD] (IRQs 5 9 10 *11)
[    0.267189] SCSI subsystem initialized
[    0.268104] pci 0000:00:02.0: vgaarb: setting as boot VGA device
[    0.269257] pci 0000:00:02.0: vgaarb: VGA device added: decodes=io+mem,owns=io+mem,locks=none
[    0.271487] pci 0000:00:02.0: vgaarb: bridge control possible
[    0.272001] vgaarb: loaded
[    0.272600] ACPI: bus type USB registered
[    0.273432] usbcore: registered new interface driver usbfs
[    0.274502] usbcore: registered new interface driver hub
[    0.276006] usbcore: registered new device driver usb
[    0.277004] EDAC MC: Ver: 3.0.0
[    0.277948] PCI: Using ACPI for IRQ routing
[    0.279123] NetLabel: Initializing
[    0.280001] NetLabel:  domain hash size = 128
[    0.281118] NetLabel:  protocols = UNLABELED CIPSOv4 CALIPSO
[    0.282194] NetLabel:  unlabeled traffic allowed by default
[    0.283319] clocksource: Switched to clocksource kvm-clock
[    0.291373] VFS: Disk quotas dquot_6.6.0
[    0.292654] VFS: Dquot-cache hash table entries: 512 (order 0, 4096 bytes)
[    0.294016] AppArmor: AppArmor Filesystem Enabled
[    0.294940] pnp: PnP ACPI init
[    0.296831] pnp: PnP ACPI: found 3 devices
[    0.302879] clocksource: acpi_pm: mask: 0xffffff max_cycles: 0xffffff, max_idle_ns: 2085701024 ns
[    0.305039] NET: Registered protocol family 2
[    0.305998] IP idents hash table entries: 16384 (order: 5, 131072 bytes)
[    0.307578] TCP established hash table entries: 8192 (order: 4, 65536 bytes)
[    0.308936] TCP bind hash table entries: 8192 (order: 5, 131072 bytes)
[    0.310251] TCP: Hash tables configured (established 8192 bind 8192)
[    0.311454] UDP hash table entries: 512 (order: 2, 16384 bytes)
[    0.312622] UDP-Lite hash table entries: 512 (order: 2, 16384 bytes)
[    0.313903] NET: Registered protocol family 1
[    0.315099] pci 0000:00:00.0: Limiting direct PCI/PCI transfers
[    0.316286] pci 0000:00:01.0: Activating ISA DMA hang workarounds
[    0.317524] pci 0000:00:02.0: Video device with shadowed ROM at [mem 0x000c0000-0x000dffff]
[    0.319291] Unpacking initramfs...
[    0.571439] Freeing initrd memory: 19528K
[    0.572737] clocksource: tsc: mask: 0xffffffffffffffff max_cycles: 0x311fd208cfc, max_idle_ns: 440795283699 ns
[    0.575214] platform rtc_cmos: registered platform RTC device (no PNP device found)
[    0.576905] Scanning for low memory corruption every 60 seconds
[    0.578404] Initialise system trusted keyrings
[    0.579275] Key type blacklist registered
[    0.580083] workingset: timestamp_bits=36 max_order=18 bucket_order=0
[    0.582021] zbud: loaded
[    0.582888] squashfs: version 4.0 (2009/01/31) Phillip Lougher
[    0.584068] fuse init (API version 7.26)
[    0.585940] Key type asymmetric registered
[    0.586795] Asymmetric key parser 'x509' registered
[    0.587926] Block layer SCSI generic (bsg) driver version 0.4 loaded (major 246)
[    0.589554] io scheduler noop registered
[    0.590355] io scheduler deadline registered
[    0.591225] io scheduler cfq registered (default)
[    0.592470] ACPI: AC Adapter [AC] (on-line)
[    0.593363] input: Power Button as /devices/LNXSYSTM:00/LNXPWRBN:00/input/input0
[    0.594846] ACPI: Power Button [PWRF]
[    0.595672] input: Sleep Button as /devices/LNXSYSTM:00/LNXSLPBN:00/input/input1
[    0.597218] ACPI: Sleep Button [SLPF]
[    0.598154] Serial: 8250/16550 driver, 32 ports, IRQ sharing enabled
[    0.620343] 00:02: ttyS0 at I/O 0x3f8 (irq = 4, base_baud = 115200) is a 16550A
[    0.623374] Linux agpgart interface v0.103
[    0.625029] loop: module loaded
[    0.626063] scsi host0: ata_piix
[    0.626750] scsi host1: ata_piix
[    0.627414] ata1: PATA max UDMA/33 cmd 0x1f0 ctl 0x3f6 bmdma 0xd000 irq 14
[    0.629302] ata2: PATA max UDMA/33 cmd 0x170 ctl 0x376 bmdma 0xd008 irq 15
[    0.630930] tun: Universal TUN/TAP device driver, 1.6
[    0.632202] PPP generic driver version 2.4.2
[    0.633098] ehci_hcd: USB 2.0 'Enhanced' Host Controller (EHCI) Driver
[    0.634351] ehci-pci: EHCI PCI platform driver
[    0.635257] ehci-platform: EHCI generic platform driver
[    0.636325] ohci_hcd: USB 1.1 'Open' Host Controller (OHCI) Driver
[    0.637523] ohci-pci: OHCI PCI platform driver
[    0.638415] ohci-platform: OHCI generic platform driver
[    0.639458] uhci_hcd: USB Universal Host Controller Interface driver
[    0.640741] i8042: PNP: PS/2 Controller [PNP0303:PS2K,PNP0f03:PS2M] at 0x60,0x64 irq 1,12
[    0.642697] serio: i8042 KBD port at 0x60,0x64 irq 1
[    0.643715] serio: i8042 AUX port at 0x60,0x64 irq 12
[    0.644767] mousedev: PS/2 mouse device common for all mice
[    0.646035] input: AT Translated Set 2 keyboard as /devices/platform/i8042/serio0/input/input2
[    0.648206] rtc_cmos rtc_cmos: rtc core: registered rtc_cmos as rtc0
[    0.649582] rtc_cmos rtc_cmos: alarms up to one day, 114 bytes nvram
[    0.651034] i2c /dev entries driver
[    0.651773] device-mapper: uevent: version 1.0.3
[    0.652746] device-mapper: ioctl: 4.37.0-ioctl (2017-09-20) initialised: dm-devel@redhat.com
[    0.655051] ledtrig-cpu: registered to indicate activity on CPUs
[    0.656522] intel_pmc_core:  initialized
[    0.657413] NET: Registered protocol family 10
[    0.660623] Segment Routing with IPv6
[    0.661579] NET: Registered protocol family 17
[    0.662769] Key type dns_resolver registered
[    0.664087] mce: Using 0 MCE banks
[    0.664931] RAS: Correctable Errors collector initialized.
[    0.666034] sched_clock: Marking stable (664913950, 0)->(833558587, -168644637)
[    0.668245] registered taskstats version 1
[    0.669279] Loading compiled-in X.509 certificates
[    0.671982] Loaded X.509 cert 'Build time autogenerated kernel key: ea99b1e66d5186ff77dcfb46de385e3fbd0a569c'
[    0.674678] Loaded X.509 cert 'Canonical Ltd. Live Patch Signing: 14df34d1a87cf37625abec039ef2bf521249b969'
[    0.677527] Loaded X.509 cert 'Canonical Ltd. Kernel Module Signing: 88f752e560a1e0737e31163a466ad7b70a850c19'
[    0.679450] blacklist: Loading compiled-in revocation X.509 certificates
[    0.680784] Loaded X.509 cert 'Canonical Ltd. Secure Boot Signing: 61482aa2830d0ab2ad5af10b7250da9033ddcef0'
[    0.682684] zswap: loaded using pool lzo/zbud
[    0.685751] Key type big_key registered
[    0.686657] Key type trusted registered
[    0.688526] Key type encrypted registered
[    0.689392] AppArmor: AppArmor sha1 policy hashing enabled
[    0.691177] ima: No TPM chip found, activating TPM-bypass! (rc=-19)
[    0.692463] ima: Allocated hash algorithm: sha1
[    0.693523] evm: HMAC attrs: 0x1
[    0.694697]   Magic number: 2:906:512
[    0.695509] rtc_cmos rtc_cmos: setting system clock to 2022-04-15 03:32:15 UTC (1649993535)
[    0.697215] BIOS EDD facility v0.16 2004-Jun-25, 0 devices found
[    0.698381] EDD information not available.
[    0.813975] Freeing unused kernel image memory: 2468K
[    0.820688] Write protecting the kernel read-only data: 20480k
[    0.822722] Freeing unused kernel image memory: 2008K
[    0.823896] Freeing unused kernel image memory: 1820K
[    0.830288] x86/mm: Checked W+X mappings: passed, no W+X pages found.
[    0.831581] x86/mm: Checking user space page tables
[    0.837859] x86/mm: Checked W+X mappings: passed, no W+X pages found.
Loading, please wait...
starting version 237
[    0.913474] e1000: Intel(R) PRO/1000 Network Driver - version 7.3.21-k8-NAPI
[    0.915447] e1000: Copyright (c) 1999-2006 Intel Corporation.
[    0.919807] Fusion MPT base driver 3.04.20
[    0.920846] Copyright (c) 1999-2008 LSI Corporation
[    0.933114] Fusion MPT SPI Host driver 3.04.20
[    0.953276] mptbase: ioc0: Initiating bringup
[    0.957327] AVX2 version of gcm_enc/dec engaged.
[    0.958794] AES CTR mode by8 optimization enabled
[    1.053325] ioc0: LSI53C1030 A0: Capabilities={Initiator}
[    1.133204] input: ImExPS/2 Generic Explorer Mouse as /devices/platform/i8042/serio1/input/input4
[    1.295795] scsi host2: ioc0: LSI53C1030 A0, FwRev=00000000h, Ports=1, MaxQ=256, IRQ=20
[    1.464384] scsi 2:0:0:0: Direct-Access     VBOX     HARDDISK         1.0  PQ: 0 ANSI: 5
[    1.466639] scsi target2:0:0: Beginning Domain Validation
[    1.469937] random: fast init done
[    1.470659] scsi target2:0:0: Domain Validation skipping write tests
[    1.471949] scsi target2:0:0: Ending Domain Validation
[    1.473359] scsi target2:0:0: asynchronous
[    1.475255] scsi 2:0:1:0: Direct-Access     VBOX     HARDDISK         1.0  PQ: 0 ANSI: 5
[    1.477243] scsi target2:0:1: Beginning Domain Validation
[    1.478973] scsi target2:0:1: Domain Validation skipping write tests
[    1.480216] scsi target2:0:1: Ending Domain Validation
[    1.481284] scsi target2:0:1: asynchronous
[    1.485894] random: systemd-udevd: uninitialized urandom read (16 bytes read)
[    1.487506] random: systemd-udevd: uninitialized urandom read (16 bytes read)
[    1.489076] random: systemd-udevd: uninitialized urandom read (16 bytes read)
[    1.491071] sd 2:0:0:0: Attached scsi generic sg0 type 0
[    1.492412] sd 2:0:0:0: [sda] 83886080 512-byte logical blocks: (42.9 GB/40.0 GiB)
[    1.494450] sd 2:0:0:0: [sda] Write Protect is off
[    1.496210] sd 2:0:1:0: Attached scsi generic sg1 type 0
[    1.497282] sd 2:0:1:0: [sdb] 20480 512-byte logical blocks: (10.5 MB/10.0 MiB)
[    1.498733] sd 2:0:1:0: [sdb] Write Protect is off
[    1.499708] sd 2:0:0:0: [sda] Incomplete mode parameter data
[    1.500846] sd 2:0:0:0: [sda] Assuming drive cache: write through
[    1.502429] sd 2:0:1:0: [sdb] Incomplete mode parameter data
[    1.503531] sd 2:0:1:0: [sdb] Assuming drive cache: write through
[    1.515249]  sda: sda1
[    1.526314] sd 2:0:1:0: [sdb] Attached SCSI disk
[    1.527944] sd 2:0:0:0: [sda] Attached SCSI disk
[    1.893903] e1000 0000:00:03.0 eth0: (PCI:33MHz:32-bit) 02:33:ba:03:32:e5
[    1.895586] e1000 0000:00:03.0 eth0: Intel(R) PRO/1000 Network Connection
[    2.292510] e1000 0000:00:08.0 eth1: (PCI:33MHz:32-bit) 08:00:27:fc:09:ad
[    2.293940] e1000 0000:00:08.0 eth1: Intel(R) PRO/1000 Network Connection
[    2.296290] e1000 0000:00:08.0 enp0s8: renamed from eth1
[    2.298886] e1000 0000:00:03.0 enp0s3: renamed from eth0
Begin: Loading essential drivers ... [    3.642910] raid6: sse2x1   gen() 13160 MB/s
[    3.692271] raid6: sse2x1   xor()  9332 MB/s
[    3.743850] raid6: sse2x2   gen() 17541 MB/s
[    3.793760] raid6: sse2x2   xor() 10198 MB/s
[    3.840384] raid6: sse2x4   gen() 17979 MB/s
[    3.891647] raid6: sse2x4   xor() 11650 MB/s
[    3.945492] raid6: avx2x1   gen() 27496 MB/s
[    3.992835] raid6: avx2x1   xor() 16859 MB/s
[    4.040043] raid6: avx2x2   gen() 27550 MB/s
[    4.092877] raid6: avx2x2   xor() 21495 MB/s
[    4.140068] raid6: avx2x4   gen() 35936 MB/s
[    4.191790] raid6: avx2x4   xor() 23124 MB/s
[    4.193132] raid6: using algorithm avx2x4 gen() 35936 MB/s
[    4.194360] raid6: .... xor() 23124 MB/s, rmw enabled
[    4.195313] raid6: using avx2x2 recovery algorithm
[    4.197683] xor: automatically using best checksumming function   avx       
[    4.200270] async_tx: api initialized (async)
done.
Begin: Running /scripts/init-premount ... done.
Begin: Mounting root file system ... Begin: Running /scripts/local-top ... done.
Begin: Running /scripts/local-premount ... [    4.245677] Btrfs loaded, crc32c=crc32c-intel
Scanning for Btrfs filesystems
done.
Warning: fsck not present, so skipping root file system
[    4.277132] EXT4-fs (sda1): mounted filesystem with ordered data mode. Opts: (null)
done.
Begin: Running /scripts/local-bottom ... done.
Begin: Running /scripts/init-bottom ... done.
[    4.443997] ip_tables: (C) 2000-2006 Netfilter Core Team
[    4.453954] systemd[1]: systemd 237 running in system mode. (+PAM +AUDIT +SELINUX +IMA +APPARMOR +SMACK +SYSVINIT +UTMP +LIBCRYPTSETUP +GCRYPT +GNUTLS +ACL +XZ +LZ4 +SECCOMP +BLKID +ELFUTILS +KMOD -IDN2 +IDN -PCRE2 default-hierarchy=hybrid)
[    4.458114] systemd[1]: Detected virtualization oracle.
[    4.459243] systemd[1]: Detected architecture x86-64.

Welcome to [1mUbuntu 18.04.6 LTS[0m!

[    4.473037] systemd[1]: Set hostname to <ubuntu>.
[    4.477046] systemd[1]: Initializing machine ID from random generator.
[    4.478642] systemd[1]: Installed transient /etc/machine-id file.
[    4.761932] systemd[1]: Set up automount Arbitrary Executable File Formats File System Automount Point.
[[0;32m  OK  [0m] Set up automount Arbitrary Executabâ€¦rmats File System Automount Point.
[    4.765271] systemd[1]: Reached target System Time Synchronized.
[[0;32m  OK  [0m] Reached target System Time Synchronized.
[    4.776669] systemd[1]: Reached target User and Group Name Lookups.
[[0;32m  OK  [0m] Reached target User and Group Name Lookups.
[    4.779797] systemd[1]: Created slice System Slice.
[[0;32m  OK  [0m] Created slice System Slice.
[[0;32m  OK  [0m] Listening on Journal Socket.
         Mounting Kernel Debug File System...
[[0;32m  OK  [0m] Listening on fsck to fsckd communication Socket.
         Starting Uncomplicated firewall...
[[0;32m  OK  [0m] Created slice system-serial\x2dgetty.slice.
         Mounting POSIX Message Queue File System...
[[0;32m  OK  [0m] Listening on /dev/initctl Compatibility Named Pipe.
[[0;32m  OK  [0m] Listening on LVM2 metadata daemon socket.
         Starting Set the console keyboard layout...
[[0;32m  OK  [0m] Listening on Device-mapper event daemon FIFOs.
         Starting Monitoring of LVM2 mirrorsâ€¦ng dmeventd or progress polling...
         Starting File System Check on Root Device...
[[0;32m  OK  [0m] Listening on Network Service Netlink Socket.
[[0;32m  OK  [0m] Listening on Journal Audit Socket.
[[0;32m  OK  [0m] Listening on udev Control Socket.
         Starting Load Kernel Modules...
         Starting Create list of required stâ€¦ce nodes for the current kernel...
[[0;32m  OK  [0m] Started Forward Password Requests to Wall Directory Watch.
[[0;32m  OK  [0m] Listening on udev Kernel Socket.
         Starting udev Coldplug all Devices...
[[0;32m  OK  [0m] Listening on Journal Socket (/dev/log).
[[0;32m  OK  [0m] Listening on Syslog Socket.
[    4.975219] Loading iSCSI transport class v2.0-870.
[    4.981613] iscsi: registered transport (tcp)
[[0;32m  OK  [0m] Reached target Swap.
[[0;32m  OK  [0m] Listening on LVM2 poll daemon socket.
         Starting Journal Service...
         Mounting Huge Pages File System...
[[0;32m  OK  [0m] Created slice User and Session Slice.
[[0;32m  OK  [0m] Reached target Slices.
[[0;32m  OK  [0m] Mounted Kernel Debug File System.
[[0;32m  OK  [0m] Started Uncomplicated firewall.
[    5.037177] iscsi: registered transport (iser)
[[0;32m  OK  [0m] Started Journal Service.
[[0;32m  OK  [0m] Mounted POSIX Message Queue File System.
[[0;32m  OK  [0m] Started File System Check on Root Device.
[[0;32m  OK  [0m] Started Load Kernel Modules.
[[0;32m  OK  [0m] Started Create list of required staâ€¦vice nodes for the current kernel.
[[0;32m  OK  [0m] Mounted Huge Pages File System.
[[0;32m  OK  [0m] Started LVM2 metadata daemon.
[[0;32m  OK  [0m] Started File System Check Daemon to report status.
         Starting Create Static Device Nodes in /dev...
         Mounting FUSE Control File System...
         Mounting Kernel Configuration File System...
         Starting Apply Kernel Variables...
         Starting Remount Root and Kernel File Systems...
[[0;32m  OK  [0m] Mounted FUSE Control File System.
[[0;32m  OK  [0m] Mounted Kernel Configuration File System.
[[0;32m  OK  [0m] Started udev Coldplug all Devices.
[[0;32m  OK  [0m] Started Create Static Device Nodes in /dev.
[[0;32m  OK  [0m] Started Monitoring of LVM2 mirrors,â€¦sing dmeventd or progress polling.
[[0;32m  OK  [0m] Started Remount Root and Kernel File Systems.
[[0;32m  OK  [0m] Started Apply Kernel Variables.
         Starting Flush Journal to Persistent Storage...
         Starting Load/Save Random Seed...
         Starting udev Kernel Device Manager...
[[0;32m  OK  [0m] Started Load/Save Random Seed.
[[0;32m  OK  [0m] Started udev Kernel Device Manager.
[[0;32m  OK  [0m] Started Flush Journal to Persistent Storage.
[[0;32m  OK  [0m] Found device /dev/ttyS0.
[[0;32m  OK  [0m] Listening on Load/Save RF Kill Switch Status /dev/rfkill Watch.
[[0;32m  OK  [0m] Started Set the console keyboard layout.
[[0;32m  OK  [0m] Started Dispatch Password Requests to Console Directory Watch.
[[0;32m  OK  [0m] Reached target Local Encrypted Volumes.
[[0;32m  OK  [0m] Reached target Local File Systems (Pre).
[[0;32m  OK  [0m] Reached target Local File Systems.
         Starting ebtables ruleset management...
         Starting Commit a transient machine-id on disk...
         Starting Tell Plymouth To Write Out Runtime Data...
         Starting Set console font and keymap...
         Starting Create Volatile Files and Directories...
         Starting AppArmor initialization...
[[0;32m  OK  [0m] Started Tell Plymouth To Write Out Runtime Data.
[[0;32m  OK  [0m] Started Commit a transient machine-id on disk.
[[0;32m  OK  [0m] Started Create Volatile Files and Directories.
         Starting Update UTMP about System Boot/Shutdown...
[[0;32m  OK  [0m] Started Update UTMP about System Boot/Shutdown.
[[0;32m  OK  [0m] Started ebtables ruleset management.
[[0;32m  OK  [0m] Started AppArmor initialization.
         Starting Load AppArmor profiles managed internally by snapd...
         Starting Initial cloud-init job (pre-networking)...
[[0;32m  OK  [0m] Started Load AppArmor profiles managed internally by snapd.
[[0;32m  OK  [0m] Started Set console font and keymap.
[    8.907600] cloud-init[763]: Cloud-init v. 22.1-14-g2e17a0d6-0ubuntu1~18.04.3 running 'init-local' at Fri, 15 Apr 2022 03:32:23 +0000. Up 8.64 seconds.
[[0;32m  OK  [0m] Started Initial cloud-init job (pre-networking).
[[0;32m  OK  [0m] Reached target Network (Pre).
         Starting Network Service...
[[0;32m  OK  [0m] Started Network Service.
         Starting Wait for Network to be Configured...
         Starting Network Name Resolution...
[[0;32m  OK  [0m] Started Network Name Resolution.
[[0;32m  OK  [0m] Reached target Host and Network Name Lookups.
[[0;32m  OK  [0m] Reached target Network.
[[0;32m  OK  [0m] Started Wait for Network to be Configured.
         Starting Initial cloud-init job (metadata service crawler)...
[   11.539535] cloud-init[882]: Cloud-init v. 22.1-14-g2e17a0d6-0ubuntu1~18.04.3 running 'init' at Fri, 15 Apr 2022 03:32:26 +0000. Up 11.29 seconds.
[   11.541875] cloud-init[882]: ci-info: ++++++++++++++++++++++++++++++++++++++Net device info+++++++++++++++++++++++++++++++++++++++
[   11.543683] cloud-init[882]: ci-info: +--------+-------+----------------------------+---------------+--------+-------------------+
[   11.547648] cloud-init[882]: ci-info: | Device |   Up  |          Address           |      Mask     | Scope  |     Hw-Address    |
[   11.556297] cloud-init[882]: ci-info: +--------+-------+----------------------------+---------------+--------+-------------------+
[   11.595840] cloud-init[882]: ci-info: | enp0s3 |  True |         10.0.2.15          | 255.255.255.0 | global | 02:33:ba:03:32:e5 |
[   11.619686] cloud-init[882]: ci-info: | enp0s3 |  True | fe80::33:baff:fe03:32e5/64 |       .       |  link  | 02:33:ba:03:32:e5 |
[   11.632606] cloud-init[882]: ci-info: | enp0s8 | False |             .              |       .       |   .    | 08:00:27:fc:09:ad |
[   11.642522] cloud-init[882]: ci-info: |   lo   |  True |         127.0.0.1          |   255.0.0.0   |  host  |         .         |
[   11.652611] cloud-init[882]: ci-info: |   lo   |  True |          ::1/128           |       .       |  host  |         .         |
[   11.659017] cloud-init[882]: ci-info: +--------+-------+----------------------------+---------------+--------+-------------------+
[   11.666479] cloud-init[882]: ci-info: ++++++++++++++++++++++++++++Route IPv4 info+++++++++++++++++++++++++++++
[   11.669968] cloud-init[882]: ci-info: +-------+-------------+----------+-----------------+-----------+-------+
[   11.674282] cloud-init[882]: ci-info: | Route | Destination | Gateway  |     Genmask     | Interface | Flags |
[   11.676286] cloud-init[882]: ci-info: +-------+-------------+----------+-----------------+-----------+-------+
[   11.678119] cloud-init[882]: ci-info: |   0   |   0.0.0.0   | 10.0.2.2 |     0.0.0.0     |   enp0s3  |   UG  |
[   11.680388] cloud-init[882]: ci-info: |   1   |   10.0.2.0  | 0.0.0.0  |  255.255.255.0  |   enp0s3  |   U   |
[   11.683479] cloud-init[882]: ci-info: |   2   |   10.0.2.2  | 0.0.0.0  | 255.255.255.255 |   enp0s3  |   UH  |
[   11.686825] cloud-init[882]: ci-info: +-------+-------------+----------+-----------------+-----------+-------+
[   11.688976] cloud-init[882]: ci-info: +++++++++++++++++++Route IPv6 info+++++++++++++++++++
[   11.694792] cloud-init[882]: ci-info: +-------+-------------+---------+-----------+-------+
[   11.696472] cloud-init[882]: ci-info: | Route | Destination | Gateway | Interface | Flags |
[   11.697455] cloud-init[882]: ci-info: +-------+-------------+---------+-----------+-------+
[   11.698631] cloud-init[882]: ci-info: |   1   |  fe80::/64  |    ::   |   enp0s3  |   U   |
[   11.701338] cloud-init[882]: ci-info: |   3   |    local    |    ::   |   enp0s3  |   U   |
[   11.705433] cloud-init[882]: ci-info: |   4   |   ff00::/8  |    ::   |   enp0s3  |   U   |
[   11.707038] cloud-init[882]: ci-info: +-------+-------------+---------+-----------+-------+
[   12.280963] cloud-init[882]: Generating public/private rsa key pair.
[   12.293183] cloud-init[882]: Your identification has been saved in /etc/ssh/ssh_host_rsa_key.
[   12.304597] cloud-init[882]: Your public key has been saved in /etc/ssh/ssh_host_rsa_key.pub.
[   12.312453] cloud-init[882]: The key fingerprint is:
[   12.314132] cloud-init[882]: SHA256:R3ZHjyI+3HBPnz4lzG/y4fFDc2HM+hccSmDu0i5xCb4 root@ubuntu-bionic
[   12.320446] cloud-init[882]: The key's randomart image is:
[   12.322108] cloud-init[882]: +---[RSA 2048]----+
[   12.328255] cloud-init[882]: |              .  |
[   12.329842] cloud-init[882]: |           o . o |
[   12.331441] cloud-init[882]: |          B = * .|
[   12.337078] cloud-init[882]: |         * B O B.|
[   12.338542] cloud-init[882]: |        S O + X.=|
[   12.344317] cloud-init[882]: |         = * o.Bo|
[   12.345999] cloud-init[882]: |          *   +=*|
[   12.347452] cloud-init[882]: |         E .  .**|
[   12.353269] cloud-init[882]: |          .    .=|
[   12.354240] cloud-init[882]: +----[SHA256]-----+
[   12.355121] cloud-init[882]: Generating public/private dsa key pair.
[   12.360343] cloud-init[882]: Your identification has been saved in /etc/ssh/ssh_host_dsa_key.
[   12.361630] cloud-init[882]: Your public key has been saved in /etc/ssh/ssh_host_dsa_key.pub.
[   12.372381] cloud-init[882]: The key fingerprint is:
[[0;32m  OK  [0m] Started Initial cloud-init job (metadata service crawler).
[[0;32m  OK  [0m] Reached target System Initialization.
[   12.389666] cloud-init[882]: SHA256:C7xy6Z6XmnpP8ANTYVWQk0ff04khTfVP4Qdf6cVhMVo root@ubuntu-bionic
[[0;32m  OK  [0m] Listening on D-Bus System Message Bus Socket.
[   12.396219] cloud-init[882]:          Starting LXD - unix socket.
[[0;32m  OK  [0m] Listening on Open-iSCSI iscsid Socket.
[[0;32m  OK  [0m] Started Discard unused blocks once a week.
[[0;32m  OK  [0mThe key's randomart image is:] Started ACPI Events Check.
[[0;32m  OK  [0m
[   12.420911] cloud-init[882]: +---[DSA 1024]----+
[   12.423845] ] Started Daily apt download activities.
[[0;32m  OK  [0m] Started Daily apt upgrade and clean activities.
[[0;32m  OK  [0m] Listening on ACPID Listen Socket.
[[0;32m  OK  [0mcloud-init[882]: |        o.oB=ooE=|
[   12.438257] cloud-init[882]: |       . .+ ooB=X|
[   12.439687] ] Listening on cloud-init hotplug hook socket.
[[0;32m  OK  [0m] Started Daily Cleanup of Temporary Directories.
         Starting Socket activation for snappy daemon.cloud-init[882]: |        .  o oo+O|
[   12.450534] cloud-init[882]: |     . .       o+|

[[0;32m  OK  [0m] Started Ubuntu Advantage Timer for running repeated jobs.
[[0;32m  OK  [0m] Started Message of the Day.[   12.458808] cloud-init[882]: |      * S       .|
[   12.459711] cloud-init
[[0;32m  OK  [0m] Started Trigger to poll for Ubuntu â€¦(Only enabled on GCP LTS non-pro).
[[0;32m  OK  [0m] Reached target Paths.
[[0;32m  OK  [0m] Listening on UUID daemon activation socket.
[[0;32m  OK  [0m] Reached target Timers.
[[0;32m  OK  [0m] Reached target Network is Online.
[882]: |       O .       |
[   12.466878] cloud-init[882]: |    . + =.       |
[   12.470006] cloud-init[882]: |     +.+o.       |
         Starting Availability of block devices...
[[0;32m  OK  [0m] Reached target Remote File Systems (Pre).
[[0;32m  OK  [0m] Reached target Remote File Systems.
[[0;32m  OK  [0m] Reached target Cloud-config availability.
[[0;32m  OK  [0m] Listening on LXD - unix socket.
[[0;32m  OK  [0m] Listening on Socket activation for snappy daemon.
[   12.473898] cloud-init[882]: |    .+*+.        |
[[0;32m  OK  [0m] Started Availability of block devices.
[   12.503007] cloud-init[882]: +----[SHA256]-----+
[[0;32m  OK  [0m] Reached target Sockets.
[   12.505908] cloud-init[882]: Generating public/private ecdsa key pair.
[[0;32m  OK  [0m[   12.508432] cloud-init[882]: Your identification has been saved in /etc/ssh/ssh_host_ecdsa_key.
[   12.511089] cloud-init[882]: Your public key has been saved in /etc/ssh/ssh_host_ecdsa_key.pub.] Reached target Basic System.
         Starting Accounts Service...
         Starting LXD - container startup/shutdown...
[[0;32m  OK  [0m] Started irqbalance daemon.

[   12.529804] cloud-init[882]: The key fingerprint is:
[   12.535256] cloud-init[882]: SHA256:augSvsDGZr6uxLuChNrmcUudrvX3VSJgSf5Yj8pIz6M root@ubuntu-bionic
[   12.543339] cloud-init[882]: The key's randomart image is:
[   12.550144] cloud-init[882]: +---[ECDSA 256]---+
[   12.555472] cloud-init[882]: |          .      |
[   12.560777] cloud-init[882]: |         o .     |
[   12.565788] cloud-init[882]: |          = .    |
[   12.570250] cloud-init[882]: |         . = o   |
[   12.573629] cloud-init[882]: |.       S . + o .|
[   12.578050] cloud-init[882]: |=..  o + = . . o |
[   12.587835] cloud-init[882]: |=@..+ * . *   .  |
[   12.589128] cloud-init[882]: |X.*= = . ... .   |
[   12.593655] cloud-init[882]: |=O=o+.. E. ..    |
[   12.604309] cloud-init[882]: +----[SHA256]-----+
[   12.606446] cloud-init[882]: Generating public/private ed25519 key pair.
[   12.611703] cloud-init[882]: Your identification has been saved in /etc/ssh/ssh_host_ed25519_key.[[0;32m  OK  [0m] Started Regular background program processing daemon.

         Starting LSB: automatic crash report generation...
[   12.626456]          Starting LSB: Record successful boot for GRUB...
[[0;32m  OK  [0m] Started FUSE filesystem for LXC.
cloud-init[882]: Your public key has been saved in /etc/ssh/ssh_host_ed25519_key.pub.
[   12.650787] cloud-init[882]: The key fingerprint is:
[   12.652703] cloud-init[882]: SHA256:7EP8kBfrRjNf3ME7A4KmDBF1AHQS7T0sF7U0+sA/ztY root@ubuntu-bionic
[   12.655624] cloud-init[882]: The key's randomart image is:
[   12.658850] cloud-init[882]: +--[ED25519 256]--+
[   12.660329] cloud-init[882]: |    .B*+...+     |
[   12.663066] cloud-init[882]: |      +.o.+ o .  |
[   12.667052] cloud-init[882]: |     .. o*oo . o |
[   12.668915] cloud-init[882]: |      o=o*+o....o|
[   12.671028] cloud-init[882]: |       oS B+  o+.|
[   12.671723] cloud-init[882]: |       o *o+o.  o|
[   12.674152] cloud-init[882]: |        o ++.E   |
[   12.675611] cloud-init[882]: |         o.      |
[   12.678994] cloud-init[882]: |                 |
[   12.680212] cloud-init[882]: +----[SHA256]-----+
         Starting Pollinate to seed the pseudo random number generator...
         Starting System Logging Service...
         Starting Dispatcher daemon for systemd-networkd...
[[0;32m  OK  [0m] Started Deferred execution scheduler.
         Starting Permit User Sessions...
         Starting Login Service...
[[0;32m  OK  [0m] Started D-Bus System Message Bus.
         Starting Snap Daemon...
         Starting Virtualbox guest utils...
[[0;32m  OK  [0m] Started System Logging Service.
[[0;32m  OK  [0m] Started LXD - container startup/shutdown.
[[0;32m  OK  [0m] Started Permit User Sessions.
[[0;32m  OK  [0m] Started Login Service.
[[0;32m  OK  [0m] Started Unattended Upgrades Shutdown.
         Starting Terminate Plymouth Boot Screen...
         Starting Hold until boot process finishes up...
[[0;32m  OK  [0m] Started Hold until boot process finishes up.
         Starting Set console scheme...
[[0;32m  OK  [0m] Started Serial Getty on ttyS0.
[[0;32m  OK  [0m] Started Terminate Plymouth Boot Screen.
[[0;32m  OK  [0m] Started Set console scheme.
         Starting Authorization Manager...
[[0;32m  OK  [0m] Created slice system-getty.slice.
[[0;32m  OK  [0m] Started Getty on tty1.
[[0;32m  OK  [0m] Reached target Login Prompts.
[[0;32m  OK  [0m] Started LSB: automatic crash report generation.
[[0;32m  OK  [0m] Started LSB: Record successful boot for GRUB.
[[0;32m  OK  [0m] Started Authorization Manager.
[[0;32m  OK  [0m] Started Accounts Service.
[[0;32m  OK  [0m] Started Virtualbox guest utils.
[[0;32m  OK  [0m] Started Dispatcher daemon for systemd-networkd.
[[0;32m  OK  [0m] Started Snap Daemon.
         Starting Wait until snapd is fully seeded...
         Starting Time & Date Service...
[[0;32m  OK  [0m] Started Time & Date Service.
[[0;32m  OK  [0m] Started Pollinate to seed the pseudo random number generator.
         Starting OpenBSD Secure Shell server...
[[0;32m  OK  [0m] Started OpenBSD Secure Shell server.
[[0;32m  OK  [0m] Created slice User Slice of vagrant.
         Starting User Manager for UID 1000...
[[0;32m  OK  [0m] Started Session 1 of user vagrant.
[[0;32m  OK  [0m] Started User Manager for UID 1000.
[[0;32m  OK  [0m] Started Wait until snapd is fully seeded.
         Starting Apply the settings specified in cloud-config...
[[0;32m  OK  [0m] Reached target Multi-User System.
[[0;32m  OK  [0m] Reached target Graphical Interface.
         Starting Update UTMP about System Runlevel Changes...
[[0;32m  OK  [0m] Started Update UTMP about System Runlevel Changes.
[   16.324964] cloud-init[1287]: Cloud-init v. 22.1-14-g2e17a0d6-0ubuntu1~18.04.3 running 'modules:config' at Fri, 15 Apr 2022 03:32:30 +0000. Up 15.53 seconds.
[[0;32m  OK  [0m] Started Apply the settings specified in cloud-config.
         Starting Execute cloud user/final scripts...
ci-info: no authorized SSH keys fingerprints found for user ubuntu.
<14>Apr 15 03:32:32 cloud-init: #############################################################
<14>Apr 15 03:32:32 cloud-init: -----BEGIN SSH HOST KEY FINGERPRINTS-----
<14>Apr 15 03:32:32 cloud-init: 1024 SHA256:C7xy6Z6XmnpP8ANTYVWQk0ff04khTfVP4Qdf6cVhMVo root@ubuntu-bionic (DSA)
<14>Apr 15 03:32:32 cloud-init: 256 SHA256:augSvsDGZr6uxLuChNrmcUudrvX3VSJgSf5Yj8pIz6M root@ubuntu-bionic (ECDSA)
<14>Apr 15 03:32:32 cloud-init: 256 SHA256:7EP8kBfrRjNf3ME7A4KmDBF1AHQS7T0sF7U0+sA/ztY root@ubuntu-bionic (ED25519)
<14>Apr 15 03:32:32 cloud-init: 2048 SHA256:R3ZHjyI+3HBPnz4lzG/y4fFDc2HM+hccSmDu0i5xCb4 root@ubuntu-bionic (RSA)
<14>Apr 15 03:32:32 cloud-init: -----END SSH HOST KEY FINGERPRINTS-----
<14>Apr 15 03:32:32 cloud-init: #############################################################
-----BEGIN SSH HOST KEY KEYS-----
ecdsa-sha2-nistp256 AAAAE2VjZHNhLXNoYTItbmlzdHAyNTYAAAAIbmlzdHAyNTYAAABBBPe4isONUOdome02h83T1eWiUkrRJLQRKZx8uBbGij8rvzlUygaA5dSl7U3ffBYOX7sLveRMC/o1K1Xr9CVl7ig= root@ubuntu-bionic
ssh-ed25519 AAAAC3NzaC1lZDI1NTE5AAAAIMECilRQLZ0k/QWa/sEsYwhb4WcrtkItfGlvpL+pwZE9 root@ubuntu-bionic
ssh-rsa AAAAB3NzaC1yc2EAAAADAQABAAABAQDs78e1GHXOJyISj/o/38uRQ2XcHoH4yUTD0DGT4ayDSKAMbtRw7ZiEJzC7pDlF7QTEhuLYdm0npHD+zvqM1xLHYMel7CZfo8uZ3EarzEhAew/5dGqgrzTjs/2sZ7tyhxJp5VAWp+w/cjhJT2uqKR2jc6pLKNgWumPVEiHzo4zOfs27jq1AAZnz5wiz4u+VkXbRuVx7resBVAK31djbavxGPH77bJVG+NdHsZU3ZiBwFZwp2ra/91NMDOk1G7oXvxvL76Uzx7lLWHgBQHqkdWqfuEKqA5ddAFHWsjm3RtmSzXlcbYv1Ft/hdHLQbCA/qO6KaCzUzlIhiS+5g3Jc5ccf root@ubuntu-bionic
-----END SSH HOST KEY KEYS-----
[   17.484936] cloud-init[1409]: Cloud-init v. 22.1-14-g2e17a0d6-0ubuntu1~18.04.3 running 'modules:final' at Fri, 15 Apr 2022 03:32:31 +0000. Up 17.18 seconds.
[   17.489430] cloud-init[1409]: Cloud-init v. 22.1-14-g2e17a0d6-0ubuntu1~18.04.3 finished at Fri, 15 Apr 2022 03:32:32 +0000. Datasource DataSourceNoCloud [seed=/dev/sdb][dsmode=net].  Up 17.47 seconds
[[0;32m  OK  [0m] Started Execute cloud user/final scripts.
[[0;32m  OK  [0m] Reached target Cloud-init target.

Ubuntu 18.04.6 LTS ubuntu-bionic ttyS0

ubuntu-bionic login: 